// Jest Snapshot v1, https://goo.gl/fbAQLP

exports[`Contact form component renders correctly 1`] = `
<div>
  <div
    class="sc-dlfnuX duFhTr"
  >
    <form
      action="/"
      data-netlify="true"
      method="POST"
      name="Front page contact"
      netlify-honeypot="bot-field"
    >
      <input
        name="form-name"
        type="hidden"
        value="Front page contact"
      />
      <div
        class="sc-bdfBQB dXKFlh"
        hidden=""
      >
        <label
          for="bot-field"
        >
          Älä täytä, jos olet ihminen
        </label>
        <input
          name="bot-field"
        />
      </div>
      <div
        class="sc-bdfBQB dXKFlh"
      >
        <label
          for="name"
        >
          Nimi
        </label>
        <label
          class="error-message"
          for="name"
          hidden=""
        />
        <input
          id="name"
          name="name"
          type="text"
          value=""
        />
      </div>
      <div
        class="sc-bdfBQB dXKFlh"
      >
        <label
          for="email"
        >
          Sähköposti
        </label>
        <label
          class="error-message"
          for="email"
          hidden=""
        />
        <input
          id="email"
          name="email"
          type="email"
          value=""
        />
      </div>
      <div
        class="sc-bdfBQB dXKFlh"
      >
        <p>
          tai
        </p>
      </div>
      <div
        class="sc-bdfBQB dXKFlh"
      >
        <label
          for="tel"
        >
          puhelinnumero
        </label>
        <label
          class="error-message"
          for="tel"
          hidden=""
        />
        <input
          id="tel"
          name="tel"
          type="tel"
          value=""
        />
      </div>
      <div
        class="sc-bdfBQB dXKFlh"
      >
        <label
          for="message"
        >
          Viestisi meille
        </label>
        <label
          class="error-message"
          for="message"
          hidden=""
        />
        <textarea
          id="message"
          name="message"
        />
      </div>
      <div
        class="sc-bdfBQB dXKFlh"
      >
        <p>
          Lähettämällä tiedot hyväksyt henkilötietojesi käsittelyn rekisterin 
          <a
            href="/tietosuoja/markkinointirekisterin-tietosuojaseloste"
          >
            tietosuojaselosteen
          </a>
           mukaisesti
        </p>
      </div>
      <div
        class="sc-bdfBQB dXKFlh"
      >
        <div
          class="sc-hKgJUU"
        >
          <button
            type="submit"
          >
            <span
              class="sc-gsTEea enevHu material-icons md-24"
              size="24"
            >
              send
            </span>
             
            Lähetä
          </button>
        </div>
      </div>
      <div
        class="sc-bdfBQB dXKFlh"
        hidden=""
      >
        <p>
          Lähetys onnistui. Kiitos viestistäsi!
        </p>
      </div>
      <div
        class="sc-bdfBQB dXKFlh"
        hidden=""
      >
        <p>
          Lähetys epäonnistui. Virhe:
        </p>
        <p>
          Ei erillistä virheviestiä.
        </p>
      </div>
    </form>
  </div>
  ,
</div>
`;
