// Jest Snapshot v1, https://goo.gl/fbAQLP

exports[`Client register person form component renders correctly 1`] = `
<div>
  <div
    class="sc-pNWdM jgGxEH"
  >
    <form
      action="/"
      data-netlify="true"
      method="POST"
      name="Registration for personal server and domain service"
      netlify-honeypot="bot-field"
    >
      <input
        name="form-name"
        type="hidden"
        value="Registration for personal server and domain service"
      />
      <div
        class="sc-eCApnc jylwCj"
        hidden=""
      >
        <label
          for="bot-field"
        >
          Älä täytä, jos olet ihminen
        </label>
        <input
          name="bot-field"
        />
      </div>
      <div
        class="sc-jrsJWt"
      >
        <div
          class="sc-eCApnc jylwCj"
        >
          <h3>
            Perustiedot
          </h3>
        </div>
        <div
          class="sc-eCApnc jylwCj"
        >
          <label
            for="first-name"
          >
            Etunimi
          </label>
          <label
            class="error-message"
            for="first-name"
            hidden=""
          />
          <input
            id="first-name"
            name="firstName"
            type="text"
            value=""
          />
        </div>
        <div
          class="sc-eCApnc jylwCj"
        >
          <label
            for="surname"
          >
            Sukunimi
          </label>
          <label
            class="error-message"
            for="surname"
            hidden=""
          />
          <input
            id="surname"
            name="surname"
            type="text"
            value=""
          />
        </div>
        <div
          class="sc-eCApnc jylwCj"
        >
          <label
            for="tel"
          >
            Puhelinnumero
          </label>
          <label
            class="error-message"
            for="tel"
            hidden=""
          />
          <input
            id="tel"
            name="tel"
            type="tel"
            value=""
          />
        </div>
        <div
          class="sc-eCApnc jylwCj"
        >
          <label
            for="email"
          >
            Sähköpostiosoite
          </label>
          <label
            class="error-message"
            for="email"
            hidden=""
          />
          <input
            class="medium"
            id="email"
            name="email"
            type="email"
            value=""
          />
          <p>
            Jos valitset maksutavaksi laskun sähköpostitse, myös laskut lähetetään yllä antamaasi sähköpostiosoitteeseen
          </p>
        </div>
        <div
          class="sc-eCApnc jylwCj"
        >
          <label
            for="address-line-1"
          >
            Osoiterivi 1
          </label>
          <label
            class="error-message"
            for="address-line-1"
            hidden=""
          />
          <input
            class="wider"
            id="address-line-1"
            name="addressLine1"
            type="text"
            value=""
          />
        </div>
        <div
          class="sc-eCApnc jylwCj"
        >
          <label
            for="address-line-2"
          >
            Osoiterivi 2
          </label>
          <input
            class="wider"
            id="address-line-2"
            name="addressLine2"
            type="text"
            value=""
          />
        </div>
        <div
          class="sc-eCApnc jylwCj"
        >
          <label
            for="postcode"
          >
            Postinumero
          </label>
          <label
            class="error-message"
            for="postcode"
            hidden=""
          />
          <input
            id="postcode"
            name="postcode"
            type="text"
            value=""
          />
        </div>
        <div
          class="sc-eCApnc jylwCj"
        >
          <label
            for="post-office"
          >
            Postitoimipaikka
          </label>
          <label
            class="error-message"
            for="post-office"
            hidden=""
          />
          <input
            id="post-office"
            name="postOffice"
            type="text"
            value=""
          />
        </div>
        <div
          class="sc-eCApnc jylwCj"
        >
          <label
            for="same-billing-address"
          >
            Laskutusosoite on sama kuin yllä annettu osoite
          </label>
          <span
            class="sc-iCoGMd dgMbGP"
          >
            <input
              id="same-billing-address"
              name="isSameBillingAddress"
              type="checkbox"
            />
            <span
              class="sc-fujyAs kwLFq"
            />
          </span>
        </div>
      </div>
      <div
        class="sc-jrsJWt"
        hidden=""
      >
        <h3>
          Laskutusosoite
        </h3>
        <div
          class="sc-eCApnc jylwCj"
        >
          <label
            for="billing-address-line-1"
          >
            Osoiterivi 1
          </label>
          <label
            class="error-message"
            for="billing-address-line-1"
            hidden=""
          />
          <input
            class="wider"
            id="billing-address-line-1"
            name="billingAddressLine1"
            type="text"
            value=""
          />
        </div>
        <div
          class="sc-eCApnc jylwCj"
        >
          <label
            for="billing-address-line-2"
          >
            Osoiterivi 2
          </label>
          <input
            class="wider"
            id="billing-address-line-2"
            name="billingAddressLine2"
            type="text"
            value=""
          />
        </div>
        <div
          class="sc-eCApnc jylwCj"
        >
          <label
            for="billing-postcode"
          >
            Postinumero
          </label>
          <label
            class="error-message"
            for="billing-postcode"
            hidden=""
          />
          <input
            id="billing-postcode"
            name="billingPostcode"
            type="text"
            value=""
          />
        </div>
        <div
          class="sc-eCApnc jylwCj"
        >
          <label
            for="billing-post-office"
          >
            Postitoimipaikka
          </label>
          <label
            class="error-message"
            for="billing-post-office"
            hidden=""
          />
          <input
            id="billing-post-office"
            name="billingPostOffice"
            type="text"
            value=""
          />
        </div>
      </div>
      <div
        class="sc-jrsJWt"
        hidden=""
      >
        <div
          class="sc-eCApnc jylwCj"
        >
          <h3>
            Maksutapa
          </h3>
          <p>
            Huomaathan, että eri maksutavoista voidaan periä 
            <a
              href="/hinnasto"
            >
              hinnaston
            </a>
             mukainen lisämaksu.
          </p>
          <div
            class="sc-gKAaRy iPLCYP"
            hidden=""
          >
            <input
              id="radio-credit-card"
              name="billingMethod"
              type="radio"
              value="credit-card"
            />
            <label
              for="radio-credit-card"
            >
              Korttimaksu
            </label>
          </div>
          <div
            class="sc-gKAaRy iPLCYP"
          >
            <input
              id="radio-email"
              name="billingMethod"
              type="radio"
              value="email"
            />
            <label
              for="radio-email"
            >
              Lasku sähköpostitse
            </label>
          </div>
          <div
            class="sc-gKAaRy iPLCYP"
          >
            <input
              id="radio-paper"
              name="billingMethod"
              type="radio"
              value="paper"
            />
            <label
              for="radio-paper"
            >
              Lasku postitse
            </label>
          </div>
        </div>
      </div>
      <div
        class="sc-jrsJWt"
        hidden=""
      >
        <div
          class="sc-eCApnc jylwCj"
        >
          <h3>
            Laskutusjakson pituus
          </h3>
          <p>
            Pituuden mukaan Visiosto määrittää sen, kuinka monen kuukauden tilausmaksut Visiosto laskuttaa kerralla ja kuinka usein ne laskutetaan.
          </p>
          <div
            class="sc-gKAaRy iPLCYP"
          >
            <input
              id="radio-one-month"
              name="billingPeriod"
              type="radio"
              value="one-month"
            />
            <label
              for="radio-one-month"
            >
              Kuukausi
            </label>
          </div>
          <div
            class="sc-gKAaRy iPLCYP"
          >
            <input
              id="radio-two-months"
              name="billingPeriod"
              type="radio"
              value="two-months"
            />
            <label
              for="radio-two-months"
            >
              Kaksi kuukautta
            </label>
          </div>
          <div
            class="sc-gKAaRy iPLCYP"
          >
            <input
              id="radio-three-months"
              name="billingPeriod"
              type="radio"
              value="three-months"
            />
            <label
              for="radio-three-months"
            >
              Kolme kuukautta
            </label>
          </div>
          <div
            class="sc-gKAaRy iPLCYP"
          >
            <input
              id="radio-four-months"
              name="billingPeriod"
              type="radio"
              value="four-months"
            />
            <label
              for="radio-four-months"
            >
              Neljä kuukautta
            </label>
          </div>
          <div
            class="sc-gKAaRy iPLCYP"
          >
            <input
              id="radio-six-months"
              name="billingPeriod"
              type="radio"
              value="six-months"
            />
            <label
              for="radio-six-months"
            >
              Puoli vuotta
            </label>
          </div>
          <div
            class="sc-gKAaRy iPLCYP"
          >
            <input
              id="radio-one-year"
              name="billingPeriod"
              type="radio"
              value="one-year"
            />
            <label
              for="radio-one-year"
            >
              Vuosi
            </label>
          </div>
        </div>
      </div>
      <div
        class="sc-jrsJWt"
        hidden=""
      >
        <h3>
          Verkkotunnus
        </h3>
        <div
          class="sc-eCApnc jylwCj"
        >
          <label
            for="domain"
          >
            Anna verkkotunnus, joka liitetään tähän tilaukseen
          </label>
          <label
            class="error-message"
            for="domain"
            hidden=""
          />
          <input
            id="domain"
            name="domain"
            type="text"
            value=""
          />
        </div>
      </div>
      <div
        class="sc-jrsJWt"
        hidden=""
      >
        <h3>
          Ehtojen hyväksyminen
        </h3>
        <div
          class="sc-eCApnc jylwCj"
        >
          <label
            for="accept-privacy-policy"
          >
            Annan suostumukseni tietojeni käsittelyyn voimassa olevan lainsäädännön ja tietosuojaselosteen puitteissa
          </label>
          <span
            class="sc-iCoGMd dgMbGP"
          >
            <input
              id="accept-privacy-policy"
              name="acceptPrivacyPolicy"
              type="checkbox"
            />
            <span
              class="sc-fujyAs kwLFq"
            />
          </span>
          <p>
            Voit tutustua asiakasrekisterin tietosuojaselosteeseen 
            <a
              href="/tietosuoja/asiakasrekisterin-tietosuojaseloste"
            >
              täällä
            </a>
          </p>
        </div>
        <div
          class="sc-eCApnc jylwCj"
        >
          <label
            for="accept-additional-agreements"
          >
            Ymmärrän, että mahdollisista tarkennuksista palveluun ja sopimukseen voidaan sopia tämän lomakkeen ulkopuolella
          </label>
          <span
            class="sc-iCoGMd dgMbGP"
          >
            <input
              id="accept-additional-agreements"
              name="acceptAdditionalAgreements"
              type="checkbox"
            />
            <span
              class="sc-fujyAs kwLFq"
            />
          </span>
        </div>
        <div
          class="sc-eCApnc jylwCj"
        >
          <label
            for="accept-terms"
          >
            Hyväksyn palvelusopimuksen
          </label>
          <span
            class="sc-iCoGMd dgMbGP"
          >
            <input
              id="accept-terms"
              name="acceptTerms"
              type="checkbox"
            />
            <span
              class="sc-fujyAs kwLFq"
            />
          </span>
          <p>
            Voit tutustua palvelusopimukseen 
            <a
              href="/kayttoehdot/visioston-palvelin-ja-verkkotunnustilaussopimus"
            >
              täällä
            </a>
          </p>
        </div>
      </div>
      <div
        class="sc-eCApnc jylwCj"
      >
        <div
          class="sc-kEqXSa"
          hidden=""
        >
          <span
            class="sc-bdnxRM sc-gtsrHT eoyzcM fTsZmm"
          >
            <span
              class="sc-jSFjdj ejAeMl material-icons md-24"
              size="24"
            >
              arrow_back
            </span>
             
            <span>
              Palaa
            </span>
          </span>
        </div>
        <div
          class="sc-kEqXSa"
        >
          <span
            class="sc-bdnxRM sc-gtsrHT eoyzcM fTsZmm"
          >
            <span>
              Jatka
            </span>
             
            <span
              class="sc-jSFjdj ejAeMl material-icons md-24"
              size="24"
            >
              arrow_forward
            </span>
          </span>
        </div>
        <div
          class="sc-kEqXSa"
          hidden=""
        >
          <button
            type="submit"
          >
            <span
              class="sc-jSFjdj ejAeMl material-icons md-24"
              size="24"
            >
              send
            </span>
             
            Lähetä
          </button>
        </div>
      </div>
      <div
        class="sc-eCApnc jylwCj"
        hidden=""
      >
        <p>
          Lähetys onnistui. Kiitos!
        </p>
      </div>
      <div
        class="sc-eCApnc jylwCj"
        hidden=""
      >
        <p>
          Lähetys epäonnistui. Virhe:
        </p>
        <p>
          Ei erillistä virheviestiä.
        </p>
      </div>
    </form>
  </div>
  ,
</div>
`;
