// Jest Snapshot v1, https://goo.gl/fbAQLP

exports[`Client register business form component renders correctly 1`] = `
<div>
  <div
    class="sc-pNWdM jgGxEH"
  >
    <form
      action="/"
      data-netlify="true"
      method="POST"
      name="Business data for client register"
      netlify-honeypot="bot-field"
    >
      <input
        name="form-name"
        type="hidden"
        value="Business data for client register"
      />
      <div
        class="sc-eCApnc jylwCj"
        hidden=""
      >
        <label
          for="bot-field"
        >
          Älä täytä, jos olet ihminen
        </label>
        <input
          name="bot-field"
        />
      </div>
      <div
        class="sc-jrsJWt"
      >
        <div
          class="sc-eCApnc jylwCj"
        >
          <h3>
            Yrityksen tai yhteisön perustiedot
          </h3>
        </div>
        <div
          class="sc-eCApnc jylwCj"
        >
          <label
            for="business-id"
          >
            Y-tunnus
          </label>
          <label
            class="error-message"
            for="business-id"
            hidden=""
          />
          <input
            id="business-id"
            name="businessID"
            type="text"
            value=""
          />
        </div>
        <div
          class="sc-eCApnc jylwCj"
        >
          <label
            for="business-name"
          >
            Yrityksen tai yhteisön nimi
          </label>
          <label
            class="error-message"
            for="business-name"
            hidden=""
          />
          <input
            id="business-name"
            name="businessName"
            type="text"
            value=""
          />
        </div>
        <div
          class="sc-eCApnc jylwCj"
        >
          <h4>
            Yrityksen tai yhteisön rekisteröity osoite
          </h4>
        </div>
        <div
          class="sc-eCApnc jylwCj"
        >
          <label
            for="address-line-1"
          >
            Osoiterivi 1
          </label>
          <label
            class="error-message"
            for="address-line-1"
            hidden=""
          />
          <input
            class="wider"
            id="address-line-1"
            name="addressLine1"
            type="text"
            value=""
          />
        </div>
        <div
          class="sc-eCApnc jylwCj"
        >
          <label
            for="address-line-2"
          >
            Osoiterivi 2
          </label>
          <input
            class="wider"
            id="address-line-2"
            name="addressLine2"
            type="text"
            value=""
          />
        </div>
        <div
          class="sc-eCApnc jylwCj"
        >
          <label
            for="postcode"
          >
            Postinumero
          </label>
          <label
            class="error-message"
            for="postcode"
            hidden=""
          />
          <input
            id="postcode"
            name="postcode"
            type="text"
            value=""
          />
        </div>
        <div
          class="sc-eCApnc jylwCj"
        >
          <label
            for="post-office"
          >
            Postitoimipaikka
          </label>
          <label
            class="error-message"
            for="post-office"
            hidden=""
          />
          <input
            id="post-office"
            name="postOffice"
            type="text"
            value=""
          />
        </div>
        <div
          class="sc-eCApnc jylwCj"
        >
          <label
            for="same-billing-address"
          >
            Laskutusosoite on sama kuin yllä annettu osoite
          </label>
          <span
            class="sc-iCoGMd dgMbGP"
          >
            <input
              id="same-billing-address"
              name="isSameBillingAddress"
              type="checkbox"
            />
            <span
              class="sc-fujyAs kwLFq"
            />
          </span>
        </div>
      </div>
      <div
        class="sc-jrsJWt"
        hidden=""
      >
        <h3>
          Laskutusosoite
        </h3>
        <div
          class="sc-eCApnc jylwCj"
        >
          <label
            for="billing-address-line-1"
          >
            Osoiterivi 1
          </label>
          <label
            class="error-message"
            for="billing-address-line-1"
            hidden=""
          />
          <input
            class="wider"
            id="billing-address-line-1"
            name="billingAddressLine1"
            type="text"
            value=""
          />
        </div>
        <div
          class="sc-eCApnc jylwCj"
        >
          <label
            for="billing-address-line-2"
          >
            Osoiterivi 2
          </label>
          <input
            class="wider"
            id="billing-address-line-2"
            name="billingAddressLine2"
            type="text"
            value=""
          />
        </div>
        <div
          class="sc-eCApnc jylwCj"
        >
          <label
            for="billing-postcode"
          >
            Postinumero
          </label>
          <label
            class="error-message"
            for="billing-postcode"
            hidden=""
          />
          <input
            id="billing-postcode"
            name="billingPostcode"
            type="text"
            value=""
          />
        </div>
        <div
          class="sc-eCApnc jylwCj"
        >
          <label
            for="billing-post-office"
          >
            Postitoimipaikka
          </label>
          <label
            class="error-message"
            for="billing-post-office"
            hidden=""
          />
          <input
            id="billing-post-office"
            name="billingPostOffice"
            type="text"
            value=""
          />
        </div>
      </div>
      <div
        class="sc-jrsJWt"
        hidden=""
      >
        <div
          class="sc-eCApnc jylwCj"
        >
          <h3>
            Laskutustapa
          </h3>
          <p>
            Huomaathan, että eri laskutustavoista voidaan periä 
            <a
              href="/hinnasto"
            >
              hinnaston
            </a>
             mukainen lisämaksu.
          </p>
          <div
            class="sc-gKAaRy iPLCYP"
          >
            <input
              id="radio-e-invoice"
              name="billingMethod"
              type="radio"
              value="e-invoice"
            />
            <label
              for="radio-e-invoice"
            >
              Verkkolasku
            </label>
          </div>
          <div
            class="sc-gKAaRy iPLCYP"
          >
            <input
              id="radio-email"
              name="billingMethod"
              type="radio"
              value="email"
            />
            <label
              for="radio-email"
            >
              Sähköpostitse
            </label>
          </div>
          <div
            class="sc-gKAaRy iPLCYP"
          >
            <input
              id="radio-paper"
              name="billingMethod"
              type="radio"
              value="paper"
            />
            <label
              for="radio-paper"
            >
              Postitse
            </label>
          </div>
        </div>
      </div>
      <div
        class="sc-jrsJWt"
        hidden=""
      >
        <div
          class="sc-eCApnc jylwCj"
        >
          <h3>
            Laskutustiedot
          </h3>
        </div>
        <div
          class="sc-eCApnc jylwCj"
          hidden=""
        >
          <label
            for="e-invoice-address"
          >
            Verkkolaskuosoite
          </label>
          <label
            class="error-message"
            for="e-invoice-address"
            hidden=""
          />
          <input
            class="medium"
            id="e-invoice-address"
            name="eInvoiceAddress"
            type="text"
            value=""
          />
        </div>
        <div
          class="sc-eCApnc jylwCj"
          hidden=""
        >
          <label
            for="e-invoice-operator"
          >
            Verkkolaskuoperaattori
          </label>
          <label
            class="error-message"
            for="e-invoice-operator"
            hidden=""
          />
          <input
            class="medium"
            id="e-invoice-operator"
            name="eInvoiceOperator"
            type="text"
            value=""
          />
        </div>
        <div
          class="sc-eCApnc jylwCj"
          hidden=""
        >
          <label
            for="billing-email"
          >
            Laskujen sähköpostiosoite
          </label>
          <label
            class="error-message"
            for="billing-email"
            hidden=""
          />
          <input
            class="medium"
            id="billing-email"
            name="billingEmail"
            type="email"
            value=""
          />
        </div>
      </div>
      <div
        class="sc-jrsJWt"
        hidden=""
      >
        <div
          class="sc-eCApnc jylwCj"
        >
          <h3>
            Yhteyshenkilö
          </h3>
        </div>
        <div
          class="sc-eCApnc jylwCj"
        >
          <label
            for="first-name"
          >
            Etunimi
          </label>
          <label
            class="error-message"
            for="first-name"
            hidden=""
          />
          <input
            id="first-name"
            name="firstName"
            type="text"
            value=""
          />
        </div>
        <div
          class="sc-eCApnc jylwCj"
        >
          <label
            for="surname"
          >
            Sukunimi
          </label>
          <label
            class="error-message"
            for="surname"
            hidden=""
          />
          <input
            id="surname"
            name="surname"
            type="text"
            value=""
          />
        </div>
        <div
          class="sc-eCApnc jylwCj"
        >
          <label
            for="tel"
          >
            Puhelinnumero
          </label>
          <label
            class="error-message"
            for="tel"
            hidden=""
          />
          <input
            id="tel"
            name="tel"
            type="tel"
            value=""
          />
        </div>
        <div
          class="sc-eCApnc jylwCj"
        >
          <label
            for="email"
          >
            Sähköpostiosoite
          </label>
          <label
            class="error-message"
            for="email"
            hidden=""
          />
          <input
            class="medium"
            id="email"
            name="email"
            type="email"
            value=""
          />
        </div>
        <div
          class="sc-eCApnc jylwCj"
        >
          <label
            for="accept-terms"
          >
            Annan suostumukseni tietojeni käsittelyyn voimassa olevan lainsäädännön puitteissa
          </label>
          <span
            class="sc-iCoGMd dgMbGP"
          >
            <input
              id="accept-terms"
              name="acceptTerms"
              type="checkbox"
            />
            <span
              class="sc-fujyAs kwLFq"
            />
          </span>
        </div>
        <div
          class="sc-eCApnc jylwCj"
        >
          <p>
            Rekisterin tietosuojaselosteeseen voit tutustua 
            <a
              href="/tietosuoja/asiakasrekisterin-tietosuojaseloste"
            >
              täällä
            </a>
          </p>
        </div>
      </div>
      <div
        class="sc-eCApnc jylwCj"
      >
        <div
          class="sc-kEqXSa"
          hidden=""
        >
          <span
            class="sc-bdnxRM sc-gtsrHT eoyzcM fTsZmm"
          >
            <span
              class="sc-jSFjdj ejAeMl material-icons md-24"
              size="24"
            >
              arrow_back
            </span>
             
            <span>
              Palaa
            </span>
          </span>
        </div>
        <div
          class="sc-kEqXSa"
        >
          <span
            class="sc-bdnxRM sc-gtsrHT eoyzcM fTsZmm"
          >
            <span>
              Jatka
            </span>
             
            <span
              class="sc-jSFjdj ejAeMl material-icons md-24"
              size="24"
            >
              arrow_forward
            </span>
          </span>
        </div>
        <div
          class="sc-kEqXSa"
          hidden=""
        >
          <button
            type="submit"
          >
            <span
              class="sc-jSFjdj ejAeMl material-icons md-24"
              size="24"
            >
              send
            </span>
             
            Lähetä
          </button>
        </div>
      </div>
      <div
        class="sc-eCApnc jylwCj"
        hidden=""
      >
        <p>
          Lähetys onnistui. Kiitos!
        </p>
      </div>
      <div
        class="sc-eCApnc jylwCj"
        hidden=""
      >
        <p>
          Lähetys epäonnistui. Virhe:
        </p>
        <p>
          Ei erillistä virheviestiä.
        </p>
      </div>
    </form>
  </div>
  ,
</div>
`;
