// Jest Snapshot v1, https://goo.gl/fbAQLP

exports[`Switch checkbox component renders correctly 1`] = `
<div>
  <label
    for="switch-checkbox"
  >
    Switch checkbox
  </label>
  <span
    class="sc-bdnxRM hFGCyD"
  >
    <input
      checked=""
      id="switch-checkbox"
      name="switch-checkbox"
      type="checkbox"
    />
    <span
      class="sc-gtsrHT hOzmjC"
    />
  </span>
  ,
</div>
`;
