// Jest Snapshot v1, https://goo.gl/fbAQLP

exports[`Search container component renders correctly 1`] = `
<div>
  <div>
    <form
      class="sc-gsTEea eqnqBK"
    >
      <input
        aria-label="Haku"
        class="sc-dlfnuX jPKnFH"
        placeholder="Haku"
        type="text"
        value=""
      />
      <span
        class="sc-bdfBQB ymbXe material-icons md-24 sc-hKgJUU ecKfoy"
        size="24"
      >
        search
      </span>
    </form>
    <div
      class="sc-iBPTik lipZaP"
      hidden=""
    >
      <div
        class="sc-fubCzh NZgvc"
      >
        <div>
          Hakemistoa ladataan
        </div>
      </div>
    </div>
  </div>
  ,
</div>
`;
