// Jest Snapshot v1, https://goo.gl/fbAQLP

exports[`Search container component renders correctly 1`] = `
<div>
  <div>
    <form
      class="sc-gtsrHT fVqWTQ"
    >
      <input
        aria-label="Haku"
        class="sc-dlnjwi bcgZLV"
        placeholder="Haku"
        type="text"
        value=""
      />
      <span
        class="sc-bdnxRM cVbxgV material-icons md-24 sc-hKFxyN bVsOxz"
        size="24"
      >
        search
      </span>
    </form>
    <div
      class="sc-iCoGMd rFCZI"
      hidden=""
    >
      <div
        class="sc-fujyAs jnhqFj"
      >
        <div>
          Hakemistoa ladataan
        </div>
      </div>
    </div>
  </div>
  ,
</div>
`;
