// Jest Snapshot v1, https://goo.gl/fbAQLP

exports[`Search form component renders correctly 1`] = `
<div>
  <form
    class="sc-gsTEea eqnqBK"
  >
    <input
      aria-label="Haku"
      class="sc-dlfnuX jPKnFH"
      placeholder="Haku"
      type="text"
      value="Searching"
    />
    <span
      class="sc-bdfBQB ymbXe material-icons md-24 sc-hKgJUU ecKfoy"
      size="24"
    >
      search
    </span>
  </form>
  ,
</div>
`;
