// Jest Snapshot v1, https://goo.gl/fbAQLP

exports[`Search form component renders correctly 1`] = `
<div>
  <form
    class="sc-gtsrHT fVqWTQ"
  >
    <input
      aria-label="Haku"
      class="sc-dlnjwi bcgZLV"
      placeholder="Haku"
      type="text"
      value="Searching"
    />
    <span
      class="sc-bdnxRM cVbxgV material-icons md-24 sc-hKFxyN bVsOxz"
      size="24"
    >
      search
    </span>
  </form>
  ,
</div>
`;
