// Jest Snapshot v1, https://goo.gl/fbAQLP

exports[`Feature card component renders correctly 1`] = `
<div>
  <article
    class="sc-eCstlR cHNdFU"
  >
    <span
      class="sc-jSgvzq leGIVt material-icons md-64"
      size="64"
    >
      auto_awesome
    </span>
    <h3
      class="sc-gKseQn jRpBIa"
    >
      Test title
    </h3>
    Some text here
    <span
      class="sc-bdfBQB sc-gsTEea dYkFUz jefdCI"
    >
      Click here
    </span>
  </article>
  ,
</div>
`;
