// Jest Snapshot v1, https://goo.gl/fbAQLP

exports[`Price list component renders correctly 1`] = `
<div>
  <div
    class="sc-dlfnuX eSUKRF"
  >
    <h2
      id="kuluttajahinnasto"
    >
      Kuluttajahinnasto
    </h2>
    <div
      class="sc-hKgJUU gpGdDi"
    >
      Kaikki hinnat sisältävät yleisen arvonlisäverokannan mukaisen arvonlisäveron (24 %).
    </div>
    <div
      class="sc-hKgJUU gpGdDi"
    >
      <div
        class="sc-bdfBQB insybN"
      >
        <h4
          class="sc-gsTEea hXmtGb"
        >
          Palvelin ja verkkotunnus
        </h4>
        <div>
          13,50 €/kk
        </div>
        <div>
          (verkkotunnus: 10,50 €/kk; verkkotunnus: 3,00 €/kk)
        </div>
      </div>
    </div>
    <h3>
      Lisätyöt
    </h3>
    <div
      class="sc-hKgJUU gpGdDi"
    >
      <div
        class="sc-bdfBQB insybN"
      >
        <h4
          class="sc-gsTEea hXmtGb"
        >
          Ohjelmointilisätyö
        </h4>
        <div>
          15,00 €/h
        </div>
      </div>
      <div
        class="sc-bdfBQB insybN"
      >
        <h4
          class="sc-gsTEea hXmtGb"
        >
          Sisällönhallintalisätyö
        </h4>
        <div>
          15,00 €/h
        </div>
      </div>
      <div
        class="sc-bdfBQB insybN"
      >
        <h4
          class="sc-gsTEea hXmtGb"
        >
          Sisällöntuotantolisätyö
        </h4>
        <div>
          15,00 €/h
        </div>
      </div>
      <div
        class="sc-bdfBQB insybN"
      >
        <h4
          class="sc-gsTEea hXmtGb"
        >
          Muu lisätyö
        </h4>
        <div>
          15,00 €/h
        </div>
      </div>
    </div>
    <h3>
      Lisämaksut
    </h3>
    <div
      class="sc-hKgJUU gpGdDi"
    >
      <div
        class="sc-bdfBQB insybN"
      >
        <h4
          class="sc-gsTEea hXmtGb"
        >
          Lasku paperilla
        </h4>
        <div>
          2,00 €/lasku
        </div>
      </div>
      <div
        class="sc-bdfBQB insybN"
      >
        <h4
          class="sc-gsTEea hXmtGb"
        >
          Maksumuistutus
        </h4>
        <div>
          2,00 €/muistutus
        </div>
      </div>
      <div
        class="sc-bdfBQB insybN"
      >
        <h4
          class="sc-gsTEea hXmtGb"
        >
          Maksuhuomautus
        </h4>
        <div>
          3,00 €/huomautus
        </div>
        <div>
          (maksumuistutuksen lisämaksun lisäksi)
        </div>
      </div>
    </div>
  </div>
  ,
</div>
`;
