// Jest Snapshot v1, https://goo.gl/fbAQLP

exports[`Cookie notice component renders correctly 1`] = `
<div>
  <span
    class="sc-hHEiqL DFvqs"
    tabindex="0"
  >
    Evästeasetukset
  </span>
  <div
    class="sc-dlMDgC hFzDAK"
  >
    <div
      class="sc-jSFjdj kTAvTn"
    >
      <div
        class="sc-gKAaRy"
      >
        <h2
          class="sc-iCoGMd qJjFK"
        >
          Saisiko olla keksi?
        </h2>
        <p>
          Sivustomme käyttää evästeitä. Käytämme evästeitä nähdäksemme mistä sisällöistä sivustomme käyttäjät ovat kiinnostuneita ja mahdollistaaksemme joitakin sivuston toiminnallisuuksia. Voit tutustua tarkemmin evästeiden sisältöön ja hallita asetuksiasi evästeasetus-sivulla.
        </p>
      </div>
      <div
        class="sc-fujyAs kRhpnD"
      >
        <span
          class="sc-bdnxRM sc-dlnjwi eoyzcM hsTqCw"
        >
          <span
            class="sc-eCApnc XgquJ material-icons md-24"
            size="24"
          >
            check
          </span>
           
          Kiitos, hyväksyn evästeet
        </span>
        <span
          class="sc-bdnxRM sc-hKFxyN eoyzcM eFNvmU"
        >
          <span
            class="sc-eCApnc XgquJ material-icons md-24"
            size="24"
          >
            tune
          </span>
           
          Tarkistan evästeet ja säädän niitä
        </span>
      </div>
    </div>
  </div>
  ,
</div>
`;
