// Jest Snapshot v1, https://goo.gl/fbAQLP

exports[`Cookie notice component renders correctly 1`] = `
<div>
  <span
    class="sc-dIvrsQ gWvsKi"
    tabindex="0"
  >
    Evästeasetukset
  </span>
  <div
    class="sc-hHEiqL esZeuy"
  >
    <div
      class="sc-eCApnc jRdEEO"
    >
      <div
        class="sc-jSFjdj"
      >
        <h2
          class="sc-gKAaRy eFdRPO"
        >
          Saisiko olla keksi?
        </h2>
        <p>
          Sivustomme käyttää evästeitä. Käytämme evästeitä nähdäksemme mistä sisällöistä sivustomme käyttäjät ovat kiinnostuneita ja mahdollistaaksemme joitakin sivuston toiminnallisuuksia. Voit tutustua tarkemmin evästeiden sisältöön ja hallita asetuksiasi evästeasetus-sivulla.
        </p>
      </div>
      <div
        class="sc-iCoGMd dzEEWi"
      >
        <span
          class="sc-bdnxRM sc-dlnjwi eoyzcM hsTqCw"
        >
          Kiitos, hyväksyn evästeet
        </span>
        <span
          class="sc-bdnxRM sc-hKFxyN eoyzcM eFNvmU"
        >
          Tarkistan evästeet ja säädän niitä
        </span>
      </div>
    </div>
  </div>
  ,
</div>
`;
