// Jest Snapshot v1, https://goo.gl/fbAQLP

exports[`Cookie settings component renders correctly when closed 1`] = `
<div>
  <div
    class="sc-jSgvzq iFRBey"
  >
    <div
      class="sc-gKseQn"
    >
      <h2
        class="sc-iBPTik gWamCx"
      >
        Saisiko olla keksi?
      </h2>
      <p>
        Sivustomme käyttää evästeitä. Käytämme evästeitä nähdäksemme mistä sisällöistä sivustomme käyttäjät ovat kiinnostuneita ja mahdollistaaksemme joitakin sivuston toiminnallisuuksia. Voit tutustua tarkemmin evästeiden sisältöön ja hallita asetuksiasi evästeasetus-sivulla.
      </p>
    </div>
    <div
      class="sc-fubCzh bRtoGc"
    >
      <span
        class="sc-bdfBQB sc-dlfnuX dYkFUz hVijAa"
      >
        <span
          class="sc-eCstlR belRIU material-icons md-24"
          size="24"
        >
          check
        </span>
         
        Kiitos, hyväksyn evästeet
      </span>
      <span
        class="sc-bdfBQB sc-hKgJUU dYkFUz heBABp"
      >
        <span
          class="sc-eCstlR belRIU material-icons md-24"
          size="24"
        >
          tune
        </span>
         
        Tarkistan evästeet ja säädän niitä
      </span>
    </div>
  </div>
  ,
</div>
`;

exports[`Cookie settings component renders correctly when opened 1`] = `
<div>
  <div
    class="sc-pGacB ceHUqp"
  >
    <div
      class="sc-jrAFXE hjInrj"
    >
      <div
        class="sc-kEjbQP ktVHUF"
      >
        <div
          class="sc-iqHYmW TIjFY"
        >
          <div
            class="sc-crrszt fdUsQq"
          >
            <h2
              class="sc-dQoVA jYNyta"
            >
              Asetukset
            </h2>
            <div
              class="sc-bqyKOL"
            >
              <h3
                class="sc-kstqJO eXxiEW"
              >
                Toiminnalliset evästeet
              </h3>
              <p>
                Toiminnallisilla evästeillä mahdollistamme erilaisten sisältöjen ja toiminnallisuuksien (kuten karttapalveluiden ja kyselyiden lisäämisen helposti osaksi sivustoa). Toiminnallisia evästeitä ei voi laittaa pois päältä, sillä niitä tarvitaan sivuston toiminnan mahdollistamiseksi.
              </p>
            </div>
            <div
              class="sc-bqyKOL"
            >
              <h3
                class="sc-kstqJO eXxiEW"
              >
                Anonymisoidut seurantaevästeet
              </h3>
              <div
                class="sc-hBEYId gdBVrN"
              >
                <h4>
                  Google Analytics
                </h4>
                <span
                  class="sc-fodVek iPliUJ"
                >
                  <a
                    href="/tietosuoja#google-analytics"
                  >
                    <span
                      role="button"
                      tabindex="0"
                    >
                      Mitä tämä tekee?
                    </span>
                  </a>
                </span>
              </div>
              <p>
                Seurantaevästeiden avulla seuraamme mitkä sisällöt kävijöitämme kiinnostavat ja missä meillä on syytä petrata. Emme voi tunnistaa sinua evästeiden avulla.
              </p>
              <label
                class="sc-fFucqa lhBSaY"
              >
                <input
                  checked=""
                  class="sc-bkzYnD gDVnBG"
                  type="checkbox"
                />
                <span
                  class="sc-idOiZg bYcGhD"
                />
              </label>
            </div>
            <div
              class="sc-bqyKOL"
            >
              <p>
                <a
                  href="/tietosuoja"
                >
                  Tietosuoja
                </a>
              </p>
            </div>
            <div
              class="sc-dIUeWJ"
            >
              <span
                class="sc-bdfBQB sc-dlfnuX dYkFUz hVijAa"
              >
                <span
                  class="sc-eCstlR belRIU material-icons md-24"
                  size="24"
                >
                  done
                </span>
                 
                Tallenna ja sulje
              </span>
              <span
                class="sc-bdfBQB sc-hKgJUU dYkFUz heBABp"
              >
                <span
                  class="sc-eCstlR belRIU material-icons md-24"
                  size="24"
                >
                  cancel
                </span>
                 
                Peruuta
              </span>
            </div>
          </div>
        </div>
      </div>
    </div>
  </div>
  ,
</div>
`;
