// Jest Snapshot v1, https://goo.gl/fbAQLP

exports[`Cookie settings component renders correctly when closed 1`] = `
<div>
  <div
    class="sc-hKFxyN bFrGPC"
  >
    <div
      class="sc-eCApnc"
    >
      <h2
        class="sc-jSFjdj hlpyXC"
      >
        Saisiko olla keksi?
      </h2>
      <p>
        Sivustomme käyttää evästeitä. Käytämme evästeitä nähdäksemme mistä sisällöistä sivustomme käyttäjät ovat kiinnostuneita ja mahdollistaaksemme joitakin sivuston toiminnallisuuksia. Voit tutustua tarkemmin evästeiden sisältöön ja hallita asetuksiasi evästeasetus-sivulla.
      </p>
    </div>
    <div
      class="sc-gKAaRy hauOLa"
    >
      <span
        class="sc-bdnxRM sc-dlnjwi eoyzcM kgDKqq"
      >
        Kiitos, hyväksyn evästeet
      </span>
      <span
        class="sc-bdnxRM sc-gtsrHT eoyzcM fTsZmm"
      >
        Tarkistan evästeet ja säädän niitä
      </span>
    </div>
  </div>
  ,
</div>
`;

exports[`Cookie settings component renders correctly when opened 1`] = `
<div>
  <div
    class="sc-iCoGMd dJQOeI"
  >
    <div
      class="sc-fujyAs ceDIUe"
    >
      <div
        class="sc-pNWdM IwtzD"
      >
        <div
          class="sc-jrsJWt hZNSdc"
        >
          <div
            class="sc-kEqXSa juyjes"
          >
            <h2
              class="sc-iqAclL ejGOLM"
            >
              Asetukset
            </h2>
            <div
              class="sc-crzoAE"
            >
              <h3
                class="sc-dIsUp hAbFbg"
              >
                Toiminnalliset evästeet
              </h3>
              <p>
                Toiminnallisilla evästeillä mahdollistamme erilaisten sisältöjen ja toiminnallisuuksien (kuten karttapalveluiden ja kyselyiden lisäämisen helposti osaksi sivustoa). Toiminnallisia evästeitä ei voi laittaa pois päältä, sillä niitä tarvitaan sivuston toiminnan mahdollistamiseksi.
              </p>
            </div>
            <div
              class="sc-crzoAE"
            >
              <h3
                class="sc-dIsUp hAbFbg"
              >
                Anonymisoidut seurantaevästeet
              </h3>
              <div
                class="sc-bqGGPW bmUEuv"
              >
                <h4>
                  Google Analytics
                </h4>
                <span
                  class="sc-ksluID jhneDF"
                >
                  <a
                    href="/tietosuoja#google-analytics"
                  >
                    <span
                      role="button"
                      tabindex="0"
                    >
                      Mitä tämä tekee?
                    </span>
                  </a>
                </span>
              </div>
              <p>
                Seurantaevästeiden avulla seuraamme mitkä sisällöt kävijöitämme kiinnostavat ja missä meillä on syytä petrata. Emme voi tunnistaa sinua evästeiden avulla.
              </p>
              <label
                class="sc-hBMUJo lmqveI"
              >
                <input
                  class="sc-fnVZcZ iopyOW"
                  type="checkbox"
                />
                <span
                  class="sc-fFSPTT cFpfaT"
                />
              </label>
            </div>
            <div
              class="sc-crzoAE"
            >
              <p>
                <a
                  href="/tietosuoja"
                >
                  Tietosuoja
                </a>
              </p>
            </div>
            <div
              class="sc-bkbkJK"
            >
              <span
                class="sc-bdnxRM sc-dlnjwi eoyzcM kgDKqq"
              >
                Tallenna ja sulje
              </span>
              <span
                class="sc-bdnxRM sc-gtsrHT eoyzcM fTsZmm"
              >
                Peruuta
              </span>
            </div>
          </div>
        </div>
      </div>
    </div>
  </div>
  ,
</div>
`;
