// Jest Snapshot v1, https://goo.gl/fbAQLP

exports[`Cookie settings component renders correctly when closed 1`] = `
<div>
  <div
    class="sc-jSFjdj kTAvTn"
  >
    <div
      class="sc-gKAaRy"
    >
      <h2
        class="sc-iCoGMd qJjFK"
      >
        Saisiko olla keksi?
      </h2>
      <p>
        Sivustomme käyttää evästeitä. Käytämme evästeitä nähdäksemme mistä sisällöistä sivustomme käyttäjät ovat kiinnostuneita ja mahdollistaaksemme joitakin sivuston toiminnallisuuksia. Voit tutustua tarkemmin evästeiden sisältöön ja hallita asetuksiasi evästeasetus-sivulla.
      </p>
    </div>
    <div
      class="sc-fujyAs kRhpnD"
    >
      <span
        class="sc-bdnxRM sc-dlnjwi eoyzcM hsTqCw"
      >
        <span
          class="sc-eCApnc cVkgPU material-icons md-24"
          size="24"
        >
          check
        </span>
         
        Kiitos, hyväksyn evästeet
      </span>
      <span
        class="sc-bdnxRM sc-hKFxyN eoyzcM eFNvmU"
      >
        <span
          class="sc-eCApnc cVkgPU material-icons md-24"
          size="24"
        >
          tune
        </span>
         
        Tarkistan evästeet ja säädän niitä
      </span>
    </div>
  </div>
  ,
</div>
`;

exports[`Cookie settings component renders correctly when opened 1`] = `
<div>
  <div
    class="sc-pNWdM blMKuP"
  >
    <div
      class="sc-jrsJWt bvsIsK"
    >
      <div
        class="sc-kEqXSa kMNTjq"
      >
        <div
          class="sc-iqAclL dPndXI"
        >
          <div
            class="sc-crzoAE kObDdB"
          >
            <h2
              class="sc-dIsUp ipckuB"
            >
              Asetukset
            </h2>
            <div
              class="sc-bqGGPW"
            >
              <h3
                class="sc-ksluID koPtAL"
              >
                Toiminnalliset evästeet
              </h3>
              <p>
                Toiminnallisilla evästeillä mahdollistamme erilaisten sisältöjen ja toiminnallisuuksien (kuten karttapalveluiden ja kyselyiden lisäämisen helposti osaksi sivustoa). Toiminnallisia evästeitä ei voi laittaa pois päältä, sillä niitä tarvitaan sivuston toiminnan mahdollistamiseksi.
              </p>
            </div>
            <div
              class="sc-bqGGPW"
            >
              <h3
                class="sc-ksluID koPtAL"
              >
                Anonymisoidut seurantaevästeet
              </h3>
              <div
                class="sc-hBMUJo hDhsnI"
              >
                <h4>
                  Google Analytics
                </h4>
                <span
                  class="sc-fnVZcZ kONgAk"
                >
                  <a
                    href="/tietosuoja#google-analytics"
                  >
                    <span
                      role="button"
                      tabindex="0"
                    >
                      Mitä tämä tekee?
                    </span>
                  </a>
                </span>
              </div>
              <p>
                Seurantaevästeiden avulla seuraamme mitkä sisällöt kävijöitämme kiinnostavat ja missä meillä on syytä petrata. Emme voi tunnistaa sinua evästeiden avulla.
              </p>
              <label
                class="sc-fFSPTT eLSKeM"
              >
                <input
                  checked=""
                  class="sc-bkbkJK eyLAha"
                  type="checkbox"
                />
                <span
                  class="sc-iemWCZ ephykP"
                />
              </label>
            </div>
            <div
              class="sc-bqGGPW"
            >
              <p>
                <a
                  href="/tietosuoja"
                >
                  Tietosuoja
                </a>
              </p>
            </div>
            <div
              class="sc-dIvrsQ"
            >
              <span
                class="sc-bdnxRM sc-dlnjwi eoyzcM hsTqCw"
              >
                <span
                  class="sc-eCApnc cVkgPU material-icons md-24"
                  size="24"
                >
                  done
                </span>
                 
                Tallenna ja sulje
              </span>
              <span
                class="sc-bdnxRM sc-hKFxyN eoyzcM eFNvmU"
              >
                <span
                  class="sc-eCApnc cVkgPU material-icons md-24"
                  size="24"
                >
                  cancel
                </span>
                 
                Peruuta
              </span>
            </div>
          </div>
        </div>
      </div>
    </div>
  </div>
  ,
</div>
`;
