// Jest Snapshot v1, https://goo.gl/fbAQLP

exports[`Cookie notice component renders correctly 1`] = `
<div>
  <span
    class="sc-ieebsP fuFnHv"
  >
    Evästeasetukset
  </span>
  <div
    class="sc-dJjZJu bwgHwY"
  >
    <div
      class="sc-hKwCoD bYVIaK"
    >
      <div
        class="sc-eCImvq"
      >
        <h2
          class="sc-jRQAMF gdEmkI"
        >
          Saisiko olla keksi?
        </h2>
        <p>
          Sivustomme käyttää evästeitä. Käytämme evästeitä nähdäksemme mistä sisällöistä sivustomme käyttäjät ovat kiinnostuneita ja mahdollistaaksemme joitakin sivuston toiminnallisuuksia. Voit tutustua tarkemmin evästeiden sisältöön ja hallita asetuksiasi evästeasetus-sivulla.
        </p>
      </div>
      <div
        class="sc-gKckTs fXhqHU"
      >
        <span
          class="sc-bdvvaa sc-dkPtyc cQWPbX bKKRMj"
        >
          Kiitos, hyväksyn evästeet
        </span>
        <span
          class="sc-bdvvaa sc-gsDJrp cQWPbX dRoUMX"
        >
          Tarkistan evästeet ja säädän niitä
        </span>
      </div>
    </div>
  </div>
  ,
</div>
`;
